// Jest Snapshot v1, https://goo.gl/fbAQLP

exports[`TextSelector component matches snapshot 1`] = `
<Fragment>
  <h1>
    Nametag Maker
  </h1>
  <NameTag />
</Fragment>
`;
