// Jest Snapshot v1, https://goo.gl/fbAQLP

exports[`ColorSelector ColorSelector 1`] = `
<Fragment>
  <p>
    text color
    <input
      name="color"
      onChange={[Function]}
      type="color"
      value="#000000"
    />
  </p>
  <p>
    background color
    <input
      name="backgroundColor"
      onChange={[Function]}
      type="color"
      value="#FFFFFF"
    />
  </p>
</Fragment>
`;
