// Jest Snapshot v1, https://goo.gl/fbAQLP

exports[`TextSelector Test renders TextSelector 1`] = `
<input
  name="text"
/>
`;
